------------------------------------------------------------
TimeQuest Timing Analyzer Summary
------------------------------------------------------------

Type  : Slow 1100mV 85C Model Setup 'clock'
Slack : 4.471
TNS   : 0.000

Type  : Slow 1100mV 85C Model Hold 'clock'
Slack : 0.281
TNS   : 0.000

Type  : Slow 1100mV 85C Model Minimum Pulse Width 'clock'
Slack : 8.604
TNS   : 0.000

Type  : Slow 1100mV 0C Model Setup 'clock'
Slack : 4.482
TNS   : 0.000

Type  : Slow 1100mV 0C Model Hold 'clock'
Slack : 0.258
TNS   : 0.000

Type  : Slow 1100mV 0C Model Minimum Pulse Width 'clock'
Slack : 8.600
TNS   : 0.000

Type  : Fast 1100mV 85C Model Setup 'clock'
Slack : 5.971
TNS   : 0.000

Type  : Fast 1100mV 85C Model Hold 'clock'
Slack : 0.165
TNS   : 0.000

Type  : Fast 1100mV 85C Model Minimum Pulse Width 'clock'
Slack : 8.220
TNS   : 0.000

Type  : Fast 1100mV 0C Model Setup 'clock'
Slack : 6.157
TNS   : 0.000

Type  : Fast 1100mV 0C Model Hold 'clock'
Slack : 0.149
TNS   : 0.000

Type  : Fast 1100mV 0C Model Minimum Pulse Width 'clock'
Slack : 8.193
TNS   : 0.000

------------------------------------------------------------
