------------------------------------------------------------
TimeQuest Timing Analyzer Summary
------------------------------------------------------------

Type  : Slow 1100mV 85C Model Setup 'clock'
Slack : 4.659
TNS   : 0.000

Type  : Slow 1100mV 85C Model Hold 'clock'
Slack : 0.275
TNS   : 0.000

Type  : Slow 1100mV 85C Model Minimum Pulse Width 'clock'
Slack : 8.600
TNS   : 0.000

Type  : Slow 1100mV 0C Model Setup 'clock'
Slack : 4.666
TNS   : 0.000

Type  : Slow 1100mV 0C Model Hold 'clock'
Slack : 0.262
TNS   : 0.000

Type  : Slow 1100mV 0C Model Minimum Pulse Width 'clock'
Slack : 8.600
TNS   : 0.000

Type  : Fast 1100mV 85C Model Setup 'clock'
Slack : 6.082
TNS   : 0.000

Type  : Fast 1100mV 85C Model Hold 'clock'
Slack : 0.157
TNS   : 0.000

Type  : Fast 1100mV 85C Model Minimum Pulse Width 'clock'
Slack : 8.219
TNS   : 0.000

Type  : Fast 1100mV 0C Model Setup 'clock'
Slack : 6.251
TNS   : 0.000

Type  : Fast 1100mV 0C Model Hold 'clock'
Slack : 0.146
TNS   : 0.000

Type  : Fast 1100mV 0C Model Minimum Pulse Width 'clock'
Slack : 8.193
TNS   : 0.000

------------------------------------------------------------
